
> super-brain@1.0.0 build
> vite build

[36mvite v7.3.1 [32mbuilding client environment for production...[36m[39m
transforming...
[32mтЬУ[39m 3 modules transformed.
node.exe : 
[31mтЬЧ[39m Build 
failed in 896ms
At line:1 char:1
+ & "C:\Program Files
\nodejs/node.exe" 
"C:\Program 
Files\nodejs/node_mo 
...
+ ~~~~~~~~~~~~~~~~~~~
~~~~~~~~~~~~~~~~~~~~~
~~~~~~~~~~~~~~~~~~~~~
~~~~~~~~
    + CategoryInfo   
           : NotSpe  
  cified: ([31mтЬ   
 Ч[39m Build fai    
led in 896ms:Str    
ing) [], RemoteE    
xception
    + FullyQualified 
   ErrorId : Native  
  CommandError
 
[31merror during 
build:
[31m[vite:css] 
[postcss] It looks 
like you're trying 
to use `tailwindcss` 
directly as a 
PostCSS plugin. The 
PostCSS plugin has 
moved to a separate 
package, so to 
continue using 
Tailwind CSS with 
PostCSS you'll need 
to install `@tailwind
css/postcss` and 
update your PostCSS 
configuration.[31m
file: [36mC:/Users/u
ser/Downloads/super-b
rain-main/index.css:u
ndefined:NaN[31m
    at lt (C:\Users\u
ser\Downloads\super-b
rain-main\node_module
s\tailwindcss\dist\li
b.js:38:1643)
    at 
LazyResult.runOnRoot 
(C:\Users\user\Downlo
ads\super-brain-main\
node_modules\postcss\
lib\lazy-result.js:36
1:16)
    at 
LazyResult.runAsync (
C:\Users\user\Downloa
ds\super-brain-main\n
ode_modules\postcss\l
ib\lazy-result.js:290
:26)
    at 
LazyResult.async (C:\
Users\user\Downloads\
super-brain-main\node
_modules\postcss\lib\
lazy-result.js:192:30
)
    at 
LazyResult.then (C:\U
sers\user\Downloads\s
uper-brain-main\node_
modules\postcss\lib\l
azy-result.js:436:17)
[39m
